C:\PROJECTS\IKEMEN-PLUS-ULTRA\SRC\LIB\DLL\SSZ\SSZ\DEBUG\SSZ.DLL.INTERMEDIATE.MANIFEST
C:\PROJECTS\IKEMEN-PLUS-ULTRA\SRC\LIB\DLL\SSZ\SSZ\DEBUG\SSZ.OBJ
C:\PROJECTS\IKEMEN-PLUS-ULTRA\SRC\LIB\DLL\SSZ\SSZ\DEBUG\VC100.PDB
C:\PROJECTS\IKEMEN-PLUS-ULTRA\SRC\SSIZE (EXECUTABLE)\DEBUG\SSZ.DLL
C:\Projects\Ikemen-Plus-Ultra\src\ssize (executable)\Debug\ssz.exp
C:\PROJECTS\IKEMEN-PLUS-ULTRA\SRC\SSIZE (EXECUTABLE)\DEBUG\SSZ.ILK
C:\Projects\Ikemen-Plus-Ultra\src\ssize (executable)\Debug\ssz.lib
C:\PROJECTS\IKEMEN-PLUS-ULTRA\SRC\SSIZE (EXECUTABLE)\DEBUG\SSZ.PDB
C:\Projects\Ikemen-Plus-Ultra-CD2\src\lib\dll\ssz\ssz\Debug\cl.command.1.tlog
C:\Projects\Ikemen-Plus-Ultra-CD2\src\lib\dll\ssz\ssz\Debug\CL.read.1.tlog
C:\Projects\Ikemen-Plus-Ultra-CD2\src\lib\dll\ssz\ssz\Debug\CL.write.1.tlog
C:\Projects\Ikemen-Plus-Ultra-CD2\src\lib\dll\ssz\ssz\Debug\link.command.1.tlog
C:\Projects\Ikemen-Plus-Ultra-CD2\src\lib\dll\ssz\ssz\Debug\link.read.1.tlog
C:\Projects\Ikemen-Plus-Ultra-CD2\src\lib\dll\ssz\ssz\Debug\link.write.1.tlog
C:\Projects\Ikemen-Plus-Ultra-CD2\src\lib\dll\ssz\ssz\Debug\mt.command.1.tlog
C:\Projects\Ikemen-Plus-Ultra-CD2\src\lib\dll\ssz\ssz\Debug\mt.read.1.tlog
C:\Projects\Ikemen-Plus-Ultra-CD2\src\lib\dll\ssz\ssz\Debug\mt.write.1.tlog
C:\Projects\Ikemen-Plus-Ultra-CD2\src\lib\dll\ssz\ssz\Debug\ssz.dll.intermediate.manifest
C:\Projects\Ikemen-Plus-Ultra-CD2\src\lib\dll\ssz\ssz\Debug\ssz.obj
C:\Projects\Ikemen-Plus-Ultra-CD2\src\lib\dll\ssz\ssz\Debug\ssz.write.1.tlog
C:\Projects\Ikemen-Plus-Ultra-CD2\src\lib\dll\ssz\ssz\Debug\vc100.idb
C:\Projects\Ikemen-Plus-Ultra-CD2\src\lib\dll\ssz\ssz\Debug\vc100.pdb
C:\Projects\Ikemen-Plus-Ultra-CD2\src\ssize (executable)\Debug\ssz.dll
C:\Projects\Ikemen-Plus-Ultra-CD2\src\ssize (executable)\Debug\ssz.ilk
C:\Projects\Ikemen-Plus-Ultra-CD2\src\ssize (executable)\Debug\ssz.pdb
