.\Debug\ssize.ilk
.\Debug\ssize.pdb
C:\PROJECTS\IKEMEN-PLUS-ULTRA\SRC\SSIZE (EXECUTABLE)\SSIZE\DEBUG\MAIN.OBJ
C:\PROJECTS\IKEMEN-PLUS-ULTRA\SRC\SSIZE (EXECUTABLE)\SSIZE\DEBUG\RESOURCE.RES
C:\PROJECTS\IKEMEN-PLUS-ULTRA\SRC\SSIZE (EXECUTABLE)\SSIZE\DEBUG\SSIZE.EXE
C:\PROJECTS\IKEMEN-PLUS-ULTRA\SRC\SSIZE (EXECUTABLE)\SSIZE\DEBUG\SSIZE.EXE.INTERMEDIATE.MANIFEST
C:\PROJECTS\IKEMEN-PLUS-ULTRA\SRC\SSIZE (EXECUTABLE)\SSIZE\DEBUG\SSIZE.ILK
C:\PROJECTS\IKEMEN-PLUS-ULTRA\SRC\SSIZE (EXECUTABLE)\SSIZE\DEBUG\SSIZE.PDB
C:\PROJECTS\IKEMEN-PLUS-ULTRA\SRC\SSIZE (EXECUTABLE)\SSIZE\DEBUG\VC100.PDB
C:\Projects\Ikemen-Plus-Ultra-CD2\src\ssize (executable)\ssize\.\Debug\ssize.exe
C:\Projects\Ikemen-Plus-Ultra-CD2\src\ssize (executable)\ssize\.\Debug\ssize.exe.intermediate.manifest
C:\Projects\Ikemen-Plus-Ultra-CD2\src\ssize (executable)\ssize\Debug\cl.command.1.tlog
C:\Projects\Ikemen-Plus-Ultra-CD2\src\ssize (executable)\ssize\Debug\CL.read.1.tlog
C:\Projects\Ikemen-Plus-Ultra-CD2\src\ssize (executable)\ssize\Debug\CL.write.1.tlog
C:\Projects\Ikemen-Plus-Ultra-CD2\src\ssize (executable)\ssize\Debug\link.command.1.tlog
C:\Projects\Ikemen-Plus-Ultra-CD2\src\ssize (executable)\ssize\Debug\link.read.1.tlog
C:\Projects\Ikemen-Plus-Ultra-CD2\src\ssize (executable)\ssize\Debug\link.write.1.tlog
C:\Projects\Ikemen-Plus-Ultra-CD2\src\ssize (executable)\ssize\Debug\link-cvtres.read.1.tlog
C:\Projects\Ikemen-Plus-Ultra-CD2\src\ssize (executable)\ssize\Debug\link-cvtres.write.1.tlog
C:\Projects\Ikemen-Plus-Ultra-CD2\src\ssize (executable)\ssize\Debug\main.obj
C:\Projects\Ikemen-Plus-Ultra-CD2\src\ssize (executable)\ssize\Debug\mt.command.1.tlog
C:\Projects\Ikemen-Plus-Ultra-CD2\src\ssize (executable)\ssize\Debug\mt.read.1.tlog
C:\Projects\Ikemen-Plus-Ultra-CD2\src\ssize (executable)\ssize\Debug\mt.write.1.tlog
C:\Projects\Ikemen-Plus-Ultra-CD2\src\ssize (executable)\ssize\Debug\rc.command.1.tlog
C:\Projects\Ikemen-Plus-Ultra-CD2\src\ssize (executable)\ssize\Debug\rc.read.1.tlog
C:\Projects\Ikemen-Plus-Ultra-CD2\src\ssize (executable)\ssize\Debug\rc.write.1.tlog
C:\Projects\Ikemen-Plus-Ultra-CD2\src\ssize (executable)\ssize\Debug\RESOURCE.res
C:\Projects\Ikemen-Plus-Ultra-CD2\src\ssize (executable)\ssize\Debug\ssize.exe.intermediate.manifest
C:\Projects\Ikemen-Plus-Ultra-CD2\src\ssize (executable)\ssize\Debug\ssize.ilk
C:\Projects\Ikemen-Plus-Ultra-CD2\src\ssize (executable)\ssize\Debug\ssize.pdb
C:\Projects\Ikemen-Plus-Ultra-CD2\src\ssize (executable)\ssize\Debug\ssize.write.1.tlog
C:\Projects\Ikemen-Plus-Ultra-CD2\src\ssize (executable)\ssize\Debug\vc100.idb
C:\Projects\Ikemen-Plus-Ultra-CD2\src\ssize (executable)\ssize\Debug\vc100.pdb
