C:\PROJECTS\IKEMEN-PLUS-ULTRA\SRC\LIB\DLL\MATH\MATH\DEBUG\MATH.DLL.INTERMEDIATE.MANIFEST
C:\PROJECTS\IKEMEN-PLUS-ULTRA\SRC\LIB\DLL\MATH\MATH\DEBUG\MATH.OBJ
C:\PROJECTS\IKEMEN-PLUS-ULTRA\SRC\LIB\DLL\MATH\MATH\DEBUG\VC100.PDB
C:\PROJECTS\IKEMEN-PLUS-ULTRA\SRC\SSIZE (EXECUTABLE)\DEBUG\MATH.DLL
C:\Projects\Ikemen-Plus-Ultra\src\ssize (executable)\Debug\math.exp
C:\PROJECTS\IKEMEN-PLUS-ULTRA\SRC\SSIZE (EXECUTABLE)\DEBUG\MATH.ILK
C:\Projects\Ikemen-Plus-Ultra\src\ssize (executable)\Debug\math.lib
C:\PROJECTS\IKEMEN-PLUS-ULTRA\SRC\SSIZE (EXECUTABLE)\DEBUG\MATH.PDB
C:\Projects\Ikemen-Plus-Ultra-CD2\src\lib\dll\math\math\Debug\cl.command.1.tlog
C:\Projects\Ikemen-Plus-Ultra-CD2\src\lib\dll\math\math\Debug\CL.read.1.tlog
C:\Projects\Ikemen-Plus-Ultra-CD2\src\lib\dll\math\math\Debug\CL.write.1.tlog
C:\Projects\Ikemen-Plus-Ultra-CD2\src\lib\dll\math\math\Debug\link.command.1.tlog
C:\Projects\Ikemen-Plus-Ultra-CD2\src\lib\dll\math\math\Debug\link.read.1.tlog
C:\Projects\Ikemen-Plus-Ultra-CD2\src\lib\dll\math\math\Debug\link.write.1.tlog
C:\Projects\Ikemen-Plus-Ultra-CD2\src\lib\dll\math\math\Debug\math.dll.intermediate.manifest
C:\Projects\Ikemen-Plus-Ultra-CD2\src\lib\dll\math\math\Debug\math.obj
C:\Projects\Ikemen-Plus-Ultra-CD2\src\lib\dll\math\math\Debug\math.vcxprojResolveAssemblyReference.cache
C:\Projects\Ikemen-Plus-Ultra-CD2\src\lib\dll\math\math\Debug\math.write.1.tlog
C:\Projects\Ikemen-Plus-Ultra-CD2\src\lib\dll\math\math\Debug\mt.command.1.tlog
C:\Projects\Ikemen-Plus-Ultra-CD2\src\lib\dll\math\math\Debug\mt.read.1.tlog
C:\Projects\Ikemen-Plus-Ultra-CD2\src\lib\dll\math\math\Debug\mt.write.1.tlog
C:\Projects\Ikemen-Plus-Ultra-CD2\src\lib\dll\math\math\Debug\vc100.idb
C:\Projects\Ikemen-Plus-Ultra-CD2\src\lib\dll\math\math\Debug\vc100.pdb
C:\Projects\Ikemen-Plus-Ultra-CD2\src\ssize (executable)\Debug\math.dll
C:\Projects\Ikemen-Plus-Ultra-CD2\src\ssize (executable)\Debug\math.ilk
C:\Projects\Ikemen-Plus-Ultra-CD2\src\ssize (executable)\Debug\math.pdb
