C:\PROJECTS\IKEMEN-PLUS-ULTRA\SRC\LIB\DLL\REGEX\REGEX\DEBUG\REGEX.DLL.EMBED.MANIFEST
C:\PROJECTS\IKEMEN-PLUS-ULTRA\SRC\LIB\DLL\REGEX\REGEX\DEBUG\REGEX.DLL.EMBED.MANIFEST.RES
C:\PROJECTS\IKEMEN-PLUS-ULTRA\SRC\LIB\DLL\REGEX\REGEX\DEBUG\REGEX.DLL.INTERMEDIATE.MANIFEST
C:\PROJECTS\IKEMEN-PLUS-ULTRA\SRC\LIB\DLL\REGEX\REGEX\DEBUG\REGEX.OBJ
C:\PROJECTS\IKEMEN-PLUS-ULTRA\SRC\LIB\DLL\REGEX\REGEX\DEBUG\VC100.PDB
C:\PROJECTS\IKEMEN-PLUS-ULTRA\SRC\SSIZE (EXECUTABLE)\DEBUG\REGEX.DLL
C:\Projects\Ikemen-Plus-Ultra\src\ssize (executable)\Debug\regex.exp
C:\PROJECTS\IKEMEN-PLUS-ULTRA\SRC\SSIZE (EXECUTABLE)\DEBUG\REGEX.ILK
C:\Projects\Ikemen-Plus-Ultra\src\ssize (executable)\Debug\regex.lib
C:\PROJECTS\IKEMEN-PLUS-ULTRA\SRC\SSIZE (EXECUTABLE)\DEBUG\REGEX.PDB
C:\Projects\Ikemen-Plus-Ultra-CD2\src\lib\dll\regex\regex\Debug\cl.command.1.tlog
C:\Projects\Ikemen-Plus-Ultra-CD2\src\lib\dll\regex\regex\Debug\CL.read.1.tlog
C:\Projects\Ikemen-Plus-Ultra-CD2\src\lib\dll\regex\regex\Debug\CL.write.1.tlog
C:\Projects\Ikemen-Plus-Ultra-CD2\src\lib\dll\regex\regex\Debug\link.10324.read.1.tlog
C:\Projects\Ikemen-Plus-Ultra-CD2\src\lib\dll\regex\regex\Debug\link.10324.write.1.tlog
C:\Projects\Ikemen-Plus-Ultra-CD2\src\lib\dll\regex\regex\Debug\link.10324-cvtres.read.1.tlog
C:\Projects\Ikemen-Plus-Ultra-CD2\src\lib\dll\regex\regex\Debug\link.10324-cvtres.write.1.tlog
C:\Projects\Ikemen-Plus-Ultra-CD2\src\lib\dll\regex\regex\Debug\link.command.1.tlog
C:\Projects\Ikemen-Plus-Ultra-CD2\src\lib\dll\regex\regex\Debug\link.read.1.tlog
C:\Projects\Ikemen-Plus-Ultra-CD2\src\lib\dll\regex\regex\Debug\link.write.1.tlog
C:\Projects\Ikemen-Plus-Ultra-CD2\src\lib\dll\regex\regex\Debug\link-cvtres.read.1.tlog
C:\Projects\Ikemen-Plus-Ultra-CD2\src\lib\dll\regex\regex\Debug\link-cvtres.write.1.tlog
C:\Projects\Ikemen-Plus-Ultra-CD2\src\lib\dll\regex\regex\Debug\mt.command.1.tlog
C:\Projects\Ikemen-Plus-Ultra-CD2\src\lib\dll\regex\regex\Debug\mt.read.1.tlog
C:\Projects\Ikemen-Plus-Ultra-CD2\src\lib\dll\regex\regex\Debug\mt.write.1.tlog
C:\Projects\Ikemen-Plus-Ultra-CD2\src\lib\dll\regex\regex\Debug\rc.command.1.tlog
C:\Projects\Ikemen-Plus-Ultra-CD2\src\lib\dll\regex\regex\Debug\rc.read.1.tlog
C:\Projects\Ikemen-Plus-Ultra-CD2\src\lib\dll\regex\regex\Debug\rc.write.1.tlog
C:\Projects\Ikemen-Plus-Ultra-CD2\src\lib\dll\regex\regex\Debug\regex.dll.embed.manifest
C:\Projects\Ikemen-Plus-Ultra-CD2\src\lib\dll\regex\regex\Debug\regex.dll.embed.manifest.res
C:\Projects\Ikemen-Plus-Ultra-CD2\src\lib\dll\regex\regex\Debug\regex.dll.intermediate.manifest
C:\Projects\Ikemen-Plus-Ultra-CD2\src\lib\dll\regex\regex\Debug\regex.obj
C:\Projects\Ikemen-Plus-Ultra-CD2\src\lib\dll\regex\regex\Debug\regex.write.1.tlog
C:\Projects\Ikemen-Plus-Ultra-CD2\src\lib\dll\regex\regex\Debug\regex_manifest.rc
C:\Projects\Ikemen-Plus-Ultra-CD2\src\lib\dll\regex\regex\Debug\vc100.idb
C:\Projects\Ikemen-Plus-Ultra-CD2\src\lib\dll\regex\regex\Debug\vc100.pdb
C:\Projects\Ikemen-Plus-Ultra-CD2\src\ssize (executable)\Debug\regex.dll
C:\Projects\Ikemen-Plus-Ultra-CD2\src\ssize (executable)\Debug\regex.ilk
C:\Projects\Ikemen-Plus-Ultra-CD2\src\ssize (executable)\Debug\regex.pdb
