C:\PROJECTS\IKEMEN-PLUS-ULTRA\SRC\LIB\DLL\FILE\FILE\DEBUG\FILE.DLL.INTERMEDIATE.MANIFEST
C:\PROJECTS\IKEMEN-PLUS-ULTRA\SRC\LIB\DLL\FILE\FILE\DEBUG\FILE.OBJ
C:\PROJECTS\IKEMEN-PLUS-ULTRA\SRC\LIB\DLL\FILE\FILE\DEBUG\VC100.PDB
C:\PROJECTS\IKEMEN-PLUS-ULTRA\SRC\SSIZE (EXECUTABLE)\DEBUG\FILE.DLL
C:\Projects\Ikemen-Plus-Ultra\src\ssize (executable)\Debug\file.exp
C:\PROJECTS\IKEMEN-PLUS-ULTRA\SRC\SSIZE (EXECUTABLE)\DEBUG\FILE.ILK
C:\Projects\Ikemen-Plus-Ultra\src\ssize (executable)\Debug\file.lib
C:\PROJECTS\IKEMEN-PLUS-ULTRA\SRC\SSIZE (EXECUTABLE)\DEBUG\FILE.PDB
C:\Projects\Ikemen-Plus-Ultra-CD2\src\lib\dll\file\file\Debug\cl.command.1.tlog
C:\Projects\Ikemen-Plus-Ultra-CD2\src\lib\dll\file\file\Debug\CL.read.1.tlog
C:\Projects\Ikemen-Plus-Ultra-CD2\src\lib\dll\file\file\Debug\CL.write.1.tlog
C:\Projects\Ikemen-Plus-Ultra-CD2\src\lib\dll\file\file\Debug\file.dll.intermediate.manifest
C:\Projects\Ikemen-Plus-Ultra-CD2\src\lib\dll\file\file\Debug\file.obj
C:\Projects\Ikemen-Plus-Ultra-CD2\src\lib\dll\file\file\Debug\file.write.1.tlog
C:\Projects\Ikemen-Plus-Ultra-CD2\src\lib\dll\file\file\Debug\link.command.1.tlog
C:\Projects\Ikemen-Plus-Ultra-CD2\src\lib\dll\file\file\Debug\link.read.1.tlog
C:\Projects\Ikemen-Plus-Ultra-CD2\src\lib\dll\file\file\Debug\link.write.1.tlog
C:\Projects\Ikemen-Plus-Ultra-CD2\src\lib\dll\file\file\Debug\mt.command.1.tlog
C:\Projects\Ikemen-Plus-Ultra-CD2\src\lib\dll\file\file\Debug\mt.read.1.tlog
C:\Projects\Ikemen-Plus-Ultra-CD2\src\lib\dll\file\file\Debug\mt.write.1.tlog
C:\Projects\Ikemen-Plus-Ultra-CD2\src\lib\dll\file\file\Debug\vc100.idb
C:\Projects\Ikemen-Plus-Ultra-CD2\src\lib\dll\file\file\Debug\vc100.pdb
C:\Projects\Ikemen-Plus-Ultra-CD2\src\ssize (executable)\Debug\file.dll
C:\Projects\Ikemen-Plus-Ultra-CD2\src\ssize (executable)\Debug\file.ilk
C:\Projects\Ikemen-Plus-Ultra-CD2\src\ssize (executable)\Debug\file.pdb
