C:\PROJECTS\IKEMEN-PLUS-ULTRA\SRC\LIB\DLL\SOUND\SOUND\DEBUG\PA_ALLOCATION.OBJ
C:\PROJECTS\IKEMEN-PLUS-ULTRA\SRC\LIB\DLL\SOUND\SOUND\DEBUG\PA_CONVERTERS.OBJ
C:\PROJECTS\IKEMEN-PLUS-ULTRA\SRC\LIB\DLL\SOUND\SOUND\DEBUG\PA_CPULOAD.OBJ
C:\PROJECTS\IKEMEN-PLUS-ULTRA\SRC\LIB\DLL\SOUND\SOUND\DEBUG\PA_DEBUGPRINT.OBJ
C:\PROJECTS\IKEMEN-PLUS-ULTRA\SRC\LIB\DLL\SOUND\SOUND\DEBUG\PA_DITHER.OBJ
C:\PROJECTS\IKEMEN-PLUS-ULTRA\SRC\LIB\DLL\SOUND\SOUND\DEBUG\PA_FRONT.OBJ
C:\PROJECTS\IKEMEN-PLUS-ULTRA\SRC\LIB\DLL\SOUND\SOUND\DEBUG\PA_PROCESS.OBJ
C:\PROJECTS\IKEMEN-PLUS-ULTRA\SRC\LIB\DLL\SOUND\SOUND\DEBUG\PA_RINGBUFFER.OBJ
C:\PROJECTS\IKEMEN-PLUS-ULTRA\SRC\LIB\DLL\SOUND\SOUND\DEBUG\PA_STREAM.OBJ
C:\PROJECTS\IKEMEN-PLUS-ULTRA\SRC\LIB\DLL\SOUND\SOUND\DEBUG\PA_TRACE.OBJ
C:\PROJECTS\IKEMEN-PLUS-ULTRA\SRC\LIB\DLL\SOUND\SOUND\DEBUG\PA_WIN_COINITIALIZE.OBJ
C:\PROJECTS\IKEMEN-PLUS-ULTRA\SRC\LIB\DLL\SOUND\SOUND\DEBUG\PA_WIN_DS.OBJ
C:\PROJECTS\IKEMEN-PLUS-ULTRA\SRC\LIB\DLL\SOUND\SOUND\DEBUG\PA_WIN_DS_DYNLINK.OBJ
C:\PROJECTS\IKEMEN-PLUS-ULTRA\SRC\LIB\DLL\SOUND\SOUND\DEBUG\PA_WIN_HOSTAPIS.OBJ
C:\PROJECTS\IKEMEN-PLUS-ULTRA\SRC\LIB\DLL\SOUND\SOUND\DEBUG\PA_WIN_UTIL.OBJ
C:\PROJECTS\IKEMEN-PLUS-ULTRA\SRC\LIB\DLL\SOUND\SOUND\DEBUG\PA_WIN_WASAPI.OBJ
C:\PROJECTS\IKEMEN-PLUS-ULTRA\SRC\LIB\DLL\SOUND\SOUND\DEBUG\PA_WIN_WAVEFORMAT.OBJ
C:\PROJECTS\IKEMEN-PLUS-ULTRA\SRC\LIB\DLL\SOUND\SOUND\DEBUG\SOUND.DLL.EMBED.MANIFEST
C:\PROJECTS\IKEMEN-PLUS-ULTRA\SRC\LIB\DLL\SOUND\SOUND\DEBUG\SOUND.DLL.EMBED.MANIFEST.RES
C:\PROJECTS\IKEMEN-PLUS-ULTRA\SRC\LIB\DLL\SOUND\SOUND\DEBUG\SOUND.DLL.INTERMEDIATE.MANIFEST
C:\PROJECTS\IKEMEN-PLUS-ULTRA\SRC\LIB\DLL\SOUND\SOUND\DEBUG\SOUND.OBJ
C:\PROJECTS\IKEMEN-PLUS-ULTRA\SRC\LIB\DLL\SOUND\SOUND\DEBUG\VC100.PDB
C:\PROJECTS\IKEMEN-PLUS-ULTRA\SRC\SSIZE (EXECUTABLE)\DEBUG\SOUND.DLL
C:\Projects\Ikemen-Plus-Ultra\src\ssize (executable)\Debug\sound.exp
C:\PROJECTS\IKEMEN-PLUS-ULTRA\SRC\SSIZE (EXECUTABLE)\DEBUG\SOUND.ILK
C:\Projects\Ikemen-Plus-Ultra\src\ssize (executable)\Debug\sound.lib
C:\PROJECTS\IKEMEN-PLUS-ULTRA\SRC\SSIZE (EXECUTABLE)\DEBUG\SOUND.PDB
C:\Projects\Ikemen-Plus-Ultra-CD2\src\lib\dll\sound\sound\Debug\cl.command.1.tlog
C:\Projects\Ikemen-Plus-Ultra-CD2\src\lib\dll\sound\sound\Debug\CL.read.1.tlog
C:\Projects\Ikemen-Plus-Ultra-CD2\src\lib\dll\sound\sound\Debug\CL.write.1.tlog
C:\Projects\Ikemen-Plus-Ultra-CD2\src\lib\dll\sound\sound\Debug\link.7860.read.1.tlog
C:\Projects\Ikemen-Plus-Ultra-CD2\src\lib\dll\sound\sound\Debug\link.7860.write.1.tlog
C:\Projects\Ikemen-Plus-Ultra-CD2\src\lib\dll\sound\sound\Debug\link.7860-cvtres.read.1.tlog
C:\Projects\Ikemen-Plus-Ultra-CD2\src\lib\dll\sound\sound\Debug\link.7860-cvtres.write.1.tlog
C:\Projects\Ikemen-Plus-Ultra-CD2\src\lib\dll\sound\sound\Debug\link.command.1.tlog
C:\Projects\Ikemen-Plus-Ultra-CD2\src\lib\dll\sound\sound\Debug\link.read.1.tlog
C:\Projects\Ikemen-Plus-Ultra-CD2\src\lib\dll\sound\sound\Debug\link.write.1.tlog
C:\Projects\Ikemen-Plus-Ultra-CD2\src\lib\dll\sound\sound\Debug\link-cvtres.read.1.tlog
C:\Projects\Ikemen-Plus-Ultra-CD2\src\lib\dll\sound\sound\Debug\link-cvtres.write.1.tlog
C:\Projects\Ikemen-Plus-Ultra-CD2\src\lib\dll\sound\sound\Debug\mt.command.1.tlog
C:\Projects\Ikemen-Plus-Ultra-CD2\src\lib\dll\sound\sound\Debug\mt.read.1.tlog
C:\Projects\Ikemen-Plus-Ultra-CD2\src\lib\dll\sound\sound\Debug\mt.write.1.tlog
C:\Projects\Ikemen-Plus-Ultra-CD2\src\lib\dll\sound\sound\Debug\pa_allocation.obj
C:\Projects\Ikemen-Plus-Ultra-CD2\src\lib\dll\sound\sound\Debug\pa_converters.obj
C:\Projects\Ikemen-Plus-Ultra-CD2\src\lib\dll\sound\sound\Debug\pa_cpuload.obj
C:\Projects\Ikemen-Plus-Ultra-CD2\src\lib\dll\sound\sound\Debug\pa_debugprint.obj
C:\Projects\Ikemen-Plus-Ultra-CD2\src\lib\dll\sound\sound\Debug\pa_dither.obj
C:\Projects\Ikemen-Plus-Ultra-CD2\src\lib\dll\sound\sound\Debug\pa_front.obj
C:\Projects\Ikemen-Plus-Ultra-CD2\src\lib\dll\sound\sound\Debug\pa_process.obj
C:\Projects\Ikemen-Plus-Ultra-CD2\src\lib\dll\sound\sound\Debug\pa_ringbuffer.obj
C:\Projects\Ikemen-Plus-Ultra-CD2\src\lib\dll\sound\sound\Debug\pa_stream.obj
C:\Projects\Ikemen-Plus-Ultra-CD2\src\lib\dll\sound\sound\Debug\pa_trace.obj
C:\Projects\Ikemen-Plus-Ultra-CD2\src\lib\dll\sound\sound\Debug\pa_win_coinitialize.obj
C:\Projects\Ikemen-Plus-Ultra-CD2\src\lib\dll\sound\sound\Debug\pa_win_ds.obj
C:\Projects\Ikemen-Plus-Ultra-CD2\src\lib\dll\sound\sound\Debug\pa_win_ds_dynlink.obj
C:\Projects\Ikemen-Plus-Ultra-CD2\src\lib\dll\sound\sound\Debug\pa_win_hostapis.obj
C:\Projects\Ikemen-Plus-Ultra-CD2\src\lib\dll\sound\sound\Debug\pa_win_util.obj
C:\Projects\Ikemen-Plus-Ultra-CD2\src\lib\dll\sound\sound\Debug\pa_win_wasapi.obj
C:\Projects\Ikemen-Plus-Ultra-CD2\src\lib\dll\sound\sound\Debug\pa_win_waveformat.obj
C:\Projects\Ikemen-Plus-Ultra-CD2\src\lib\dll\sound\sound\Debug\rc.command.1.tlog
C:\Projects\Ikemen-Plus-Ultra-CD2\src\lib\dll\sound\sound\Debug\rc.read.1.tlog
C:\Projects\Ikemen-Plus-Ultra-CD2\src\lib\dll\sound\sound\Debug\rc.write.1.tlog
C:\Projects\Ikemen-Plus-Ultra-CD2\src\lib\dll\sound\sound\Debug\sound.dll.embed.manifest
C:\Projects\Ikemen-Plus-Ultra-CD2\src\lib\dll\sound\sound\Debug\sound.dll.embed.manifest.res
C:\Projects\Ikemen-Plus-Ultra-CD2\src\lib\dll\sound\sound\Debug\sound.dll.intermediate.manifest
C:\Projects\Ikemen-Plus-Ultra-CD2\src\lib\dll\sound\sound\Debug\sound.obj
C:\Projects\Ikemen-Plus-Ultra-CD2\src\lib\dll\sound\sound\Debug\sound.vcxprojResolveAssemblyReference.cache
C:\Projects\Ikemen-Plus-Ultra-CD2\src\lib\dll\sound\sound\Debug\sound.write.1.tlog
C:\Projects\Ikemen-Plus-Ultra-CD2\src\lib\dll\sound\sound\Debug\sound_manifest.rc
C:\Projects\Ikemen-Plus-Ultra-CD2\src\lib\dll\sound\sound\Debug\vc100.idb
C:\Projects\Ikemen-Plus-Ultra-CD2\src\lib\dll\sound\sound\Debug\vc100.pdb
C:\Projects\Ikemen-Plus-Ultra-CD2\src\ssize (executable)\Debug\sound.dll
C:\Projects\Ikemen-Plus-Ultra-CD2\src\ssize (executable)\Debug\sound.ilk
C:\Projects\Ikemen-Plus-Ultra-CD2\src\ssize (executable)\Debug\sound.pdb
