C:\PROJECTS\IKEMEN-PLUS-ULTRA\SRC\LIB\DLL\SHELL\SHELL\DEBUG\SHELL.DLL.INTERMEDIATE.MANIFEST
C:\PROJECTS\IKEMEN-PLUS-ULTRA\SRC\LIB\DLL\SHELL\SHELL\DEBUG\SHELL.OBJ
C:\PROJECTS\IKEMEN-PLUS-ULTRA\SRC\LIB\DLL\SHELL\SHELL\DEBUG\VC100.PDB
C:\PROJECTS\IKEMEN-PLUS-ULTRA\SRC\SSIZE (EXECUTABLE)\DEBUG\SHELL.DLL
C:\Projects\Ikemen-Plus-Ultra\src\ssize (executable)\Debug\shell.exp
C:\PROJECTS\IKEMEN-PLUS-ULTRA\SRC\SSIZE (EXECUTABLE)\DEBUG\SHELL.ILK
C:\Projects\Ikemen-Plus-Ultra\src\ssize (executable)\Debug\shell.lib
C:\PROJECTS\IKEMEN-PLUS-ULTRA\SRC\SSIZE (EXECUTABLE)\DEBUG\SHELL.PDB
C:\Projects\Ikemen-Plus-Ultra-CD2\src\lib\dll\shell\shell\Debug\cl.command.1.tlog
C:\Projects\Ikemen-Plus-Ultra-CD2\src\lib\dll\shell\shell\Debug\CL.read.1.tlog
C:\Projects\Ikemen-Plus-Ultra-CD2\src\lib\dll\shell\shell\Debug\CL.write.1.tlog
C:\Projects\Ikemen-Plus-Ultra-CD2\src\lib\dll\shell\shell\Debug\link.command.1.tlog
C:\Projects\Ikemen-Plus-Ultra-CD2\src\lib\dll\shell\shell\Debug\link.read.1.tlog
C:\Projects\Ikemen-Plus-Ultra-CD2\src\lib\dll\shell\shell\Debug\link.write.1.tlog
C:\Projects\Ikemen-Plus-Ultra-CD2\src\lib\dll\shell\shell\Debug\mt.command.1.tlog
C:\Projects\Ikemen-Plus-Ultra-CD2\src\lib\dll\shell\shell\Debug\mt.read.1.tlog
C:\Projects\Ikemen-Plus-Ultra-CD2\src\lib\dll\shell\shell\Debug\mt.write.1.tlog
C:\Projects\Ikemen-Plus-Ultra-CD2\src\lib\dll\shell\shell\Debug\shell.dll.intermediate.manifest
C:\Projects\Ikemen-Plus-Ultra-CD2\src\lib\dll\shell\shell\Debug\shell.obj
C:\Projects\Ikemen-Plus-Ultra-CD2\src\lib\dll\shell\shell\Debug\shell.vcxprojResolveAssemblyReference.cache
C:\Projects\Ikemen-Plus-Ultra-CD2\src\lib\dll\shell\shell\Debug\shell.write.1.tlog
C:\Projects\Ikemen-Plus-Ultra-CD2\src\lib\dll\shell\shell\Debug\vc100.idb
C:\Projects\Ikemen-Plus-Ultra-CD2\src\lib\dll\shell\shell\Debug\vc100.pdb
C:\Projects\Ikemen-Plus-Ultra-CD2\src\ssize (executable)\Debug\shell.dll
C:\Projects\Ikemen-Plus-Ultra-CD2\src\ssize (executable)\Debug\shell.ilk
C:\Projects\Ikemen-Plus-Ultra-CD2\src\ssize (executable)\Debug\shell.pdb
