C:\PROJECTS\IKEMEN-PLUS-ULTRA\SRC\LIB\DLL\SOCKET\SOCKET\DEBUG\SOCKET.DLL.INTERMEDIATE.MANIFEST
C:\PROJECTS\IKEMEN-PLUS-ULTRA\SRC\LIB\DLL\SOCKET\SOCKET\DEBUG\SOCKET.OBJ
C:\PROJECTS\IKEMEN-PLUS-ULTRA\SRC\LIB\DLL\SOCKET\SOCKET\DEBUG\VC100.PDB
C:\PROJECTS\IKEMEN-PLUS-ULTRA\SRC\SSIZE (EXECUTABLE)\DEBUG\SOCKET.DLL
C:\Projects\Ikemen-Plus-Ultra\src\ssize (executable)\Debug\socket.exp
C:\PROJECTS\IKEMEN-PLUS-ULTRA\SRC\SSIZE (EXECUTABLE)\DEBUG\SOCKET.ILK
C:\Projects\Ikemen-Plus-Ultra\src\ssize (executable)\Debug\socket.lib
C:\PROJECTS\IKEMEN-PLUS-ULTRA\SRC\SSIZE (EXECUTABLE)\DEBUG\SOCKET.PDB
C:\Projects\Ikemen-Plus-Ultra-CD2\src\lib\dll\socket\socket\Debug\cl.command.1.tlog
C:\Projects\Ikemen-Plus-Ultra-CD2\src\lib\dll\socket\socket\Debug\CL.read.1.tlog
C:\Projects\Ikemen-Plus-Ultra-CD2\src\lib\dll\socket\socket\Debug\CL.write.1.tlog
C:\Projects\Ikemen-Plus-Ultra-CD2\src\lib\dll\socket\socket\Debug\link.command.1.tlog
C:\Projects\Ikemen-Plus-Ultra-CD2\src\lib\dll\socket\socket\Debug\link.read.1.tlog
C:\Projects\Ikemen-Plus-Ultra-CD2\src\lib\dll\socket\socket\Debug\link.write.1.tlog
C:\Projects\Ikemen-Plus-Ultra-CD2\src\lib\dll\socket\socket\Debug\mt.command.1.tlog
C:\Projects\Ikemen-Plus-Ultra-CD2\src\lib\dll\socket\socket\Debug\mt.read.1.tlog
C:\Projects\Ikemen-Plus-Ultra-CD2\src\lib\dll\socket\socket\Debug\mt.write.1.tlog
C:\Projects\Ikemen-Plus-Ultra-CD2\src\lib\dll\socket\socket\Debug\socket.dll.intermediate.manifest
C:\Projects\Ikemen-Plus-Ultra-CD2\src\lib\dll\socket\socket\Debug\socket.obj
C:\Projects\Ikemen-Plus-Ultra-CD2\src\lib\dll\socket\socket\Debug\socket.write.1.tlog
C:\Projects\Ikemen-Plus-Ultra-CD2\src\lib\dll\socket\socket\Debug\vc100.idb
C:\Projects\Ikemen-Plus-Ultra-CD2\src\lib\dll\socket\socket\Debug\vc100.pdb
C:\Projects\Ikemen-Plus-Ultra-CD2\src\ssize (executable)\Debug\socket.dll
C:\Projects\Ikemen-Plus-Ultra-CD2\src\ssize (executable)\Debug\socket.ilk
C:\Projects\Ikemen-Plus-Ultra-CD2\src\ssize (executable)\Debug\socket.pdb
