C:\PROJECTS\IKEMEN-PLUS-ULTRA\SRC\LIB\DLL\ALERT\ALERT\DEBUG\ALERT.DLL.INTERMEDIATE.MANIFEST
C:\PROJECTS\IKEMEN-PLUS-ULTRA\SRC\LIB\DLL\ALERT\ALERT\DEBUG\ALERT.OBJ
C:\PROJECTS\IKEMEN-PLUS-ULTRA\SRC\LIB\DLL\ALERT\ALERT\DEBUG\VC100.PDB
C:\PROJECTS\IKEMEN-PLUS-ULTRA\SRC\SSIZE (EXECUTABLE)\DEBUG\ALERT.DLL
C:\Projects\Ikemen-Plus-Ultra\src\ssize (executable)\Debug\alert.exp
C:\PROJECTS\IKEMEN-PLUS-ULTRA\SRC\SSIZE (EXECUTABLE)\DEBUG\ALERT.ILK
C:\Projects\Ikemen-Plus-Ultra\src\ssize (executable)\Debug\alert.lib
C:\PROJECTS\IKEMEN-PLUS-ULTRA\SRC\SSIZE (EXECUTABLE)\DEBUG\ALERT.PDB
C:\Projects\Ikemen-Plus-Ultra-CD2\src\lib\dll\alert\alert\Debug\alert.dll.intermediate.manifest
C:\Projects\Ikemen-Plus-Ultra-CD2\src\lib\dll\alert\alert\Debug\alert.obj
C:\Projects\Ikemen-Plus-Ultra-CD2\src\lib\dll\alert\alert\Debug\alert.write.1.tlog
C:\Projects\Ikemen-Plus-Ultra-CD2\src\lib\dll\alert\alert\Debug\cl.command.1.tlog
C:\Projects\Ikemen-Plus-Ultra-CD2\src\lib\dll\alert\alert\Debug\CL.read.1.tlog
C:\Projects\Ikemen-Plus-Ultra-CD2\src\lib\dll\alert\alert\Debug\CL.write.1.tlog
C:\Projects\Ikemen-Plus-Ultra-CD2\src\lib\dll\alert\alert\Debug\link.command.1.tlog
C:\Projects\Ikemen-Plus-Ultra-CD2\src\lib\dll\alert\alert\Debug\link.read.1.tlog
C:\Projects\Ikemen-Plus-Ultra-CD2\src\lib\dll\alert\alert\Debug\link.write.1.tlog
C:\Projects\Ikemen-Plus-Ultra-CD2\src\lib\dll\alert\alert\Debug\mt.command.1.tlog
C:\Projects\Ikemen-Plus-Ultra-CD2\src\lib\dll\alert\alert\Debug\mt.read.1.tlog
C:\Projects\Ikemen-Plus-Ultra-CD2\src\lib\dll\alert\alert\Debug\mt.write.1.tlog
C:\Projects\Ikemen-Plus-Ultra-CD2\src\lib\dll\alert\alert\Debug\vc100.idb
C:\Projects\Ikemen-Plus-Ultra-CD2\src\lib\dll\alert\alert\Debug\vc100.pdb
C:\Projects\Ikemen-Plus-Ultra-CD2\src\ssize (executable)\Debug\alert.dll
C:\Projects\Ikemen-Plus-Ultra-CD2\src\ssize (executable)\Debug\alert.ilk
C:\Projects\Ikemen-Plus-Ultra-CD2\src\ssize (executable)\Debug\alert.pdb
