C:\PROJECTS\IKEMEN-PLUS-ULTRA\SRC\LIB\ALPHA\MESDIALOG\MESDIALOG\DEBUG\ADLER32.OBJ
C:\PROJECTS\IKEMEN-PLUS-ULTRA\SRC\LIB\ALPHA\MESDIALOG\MESDIALOG\DEBUG\CRC32.OBJ
C:\PROJECTS\IKEMEN-PLUS-ULTRA\SRC\LIB\ALPHA\MESDIALOG\MESDIALOG\DEBUG\INFFAS86.OBJ
C:\PROJECTS\IKEMEN-PLUS-ULTRA\SRC\LIB\ALPHA\MESDIALOG\MESDIALOG\DEBUG\INFLATE.OBJ
C:\PROJECTS\IKEMEN-PLUS-ULTRA\SRC\LIB\ALPHA\MESDIALOG\MESDIALOG\DEBUG\INFTREES.OBJ
C:\PROJECTS\IKEMEN-PLUS-ULTRA\SRC\LIB\ALPHA\MESDIALOG\MESDIALOG\DEBUG\MESDIALOG.DLL.INTERMEDIATE.MANIFEST
C:\PROJECTS\IKEMEN-PLUS-ULTRA\SRC\LIB\ALPHA\MESDIALOG\MESDIALOG\DEBUG\MESDIALOG.OBJ
C:\PROJECTS\IKEMEN-PLUS-ULTRA\SRC\LIB\ALPHA\MESDIALOG\MESDIALOG\DEBUG\MYDLL.RES
C:\PROJECTS\IKEMEN-PLUS-ULTRA\SRC\LIB\ALPHA\MESDIALOG\MESDIALOG\DEBUG\VC100.PDB
C:\PROJECTS\IKEMEN-PLUS-ULTRA\SRC\LIB\ALPHA\MESDIALOG\MESDIALOG\DEBUG\ZUTIL.OBJ
C:\PROJECTS\IKEMEN-PLUS-ULTRA\SRC\SSIZE (EXECUTABLE)\DEBUG\MESDIALOG.DLL
C:\Projects\Ikemen-Plus-Ultra\src\ssize (executable)\Debug\mesdialog.exp
C:\PROJECTS\IKEMEN-PLUS-ULTRA\SRC\SSIZE (EXECUTABLE)\DEBUG\MESDIALOG.ILK
C:\Projects\Ikemen-Plus-Ultra\src\ssize (executable)\Debug\mesdialog.lib
C:\PROJECTS\IKEMEN-PLUS-ULTRA\SRC\SSIZE (EXECUTABLE)\DEBUG\MESDIALOG.PDB
C:\Projects\Ikemen-Plus-Ultra-CD2\src\lib\alpha\mesdialog\mesdialog\Debug\adler32.obj
C:\Projects\Ikemen-Plus-Ultra-CD2\src\lib\alpha\mesdialog\mesdialog\Debug\cl.command.1.tlog
C:\Projects\Ikemen-Plus-Ultra-CD2\src\lib\alpha\mesdialog\mesdialog\Debug\CL.read.1.tlog
C:\Projects\Ikemen-Plus-Ultra-CD2\src\lib\alpha\mesdialog\mesdialog\Debug\CL.write.1.tlog
C:\Projects\Ikemen-Plus-Ultra-CD2\src\lib\alpha\mesdialog\mesdialog\Debug\crc32.obj
C:\Projects\Ikemen-Plus-Ultra-CD2\src\lib\alpha\mesdialog\mesdialog\Debug\inffas86.obj
C:\Projects\Ikemen-Plus-Ultra-CD2\src\lib\alpha\mesdialog\mesdialog\Debug\inflate.obj
C:\Projects\Ikemen-Plus-Ultra-CD2\src\lib\alpha\mesdialog\mesdialog\Debug\inftrees.obj
C:\Projects\Ikemen-Plus-Ultra-CD2\src\lib\alpha\mesdialog\mesdialog\Debug\link.command.1.tlog
C:\Projects\Ikemen-Plus-Ultra-CD2\src\lib\alpha\mesdialog\mesdialog\Debug\link.read.1.tlog
C:\Projects\Ikemen-Plus-Ultra-CD2\src\lib\alpha\mesdialog\mesdialog\Debug\link.write.1.tlog
C:\Projects\Ikemen-Plus-Ultra-CD2\src\lib\alpha\mesdialog\mesdialog\Debug\link-cvtres.read.1.tlog
C:\Projects\Ikemen-Plus-Ultra-CD2\src\lib\alpha\mesdialog\mesdialog\Debug\link-cvtres.write.1.tlog
C:\Projects\Ikemen-Plus-Ultra-CD2\src\lib\alpha\mesdialog\mesdialog\Debug\mesdialog.dll.intermediate.manifest
C:\Projects\Ikemen-Plus-Ultra-CD2\src\lib\alpha\mesdialog\mesdialog\Debug\mesdialog.obj
C:\Projects\Ikemen-Plus-Ultra-CD2\src\lib\alpha\mesdialog\mesdialog\Debug\mesdialog.write.1.tlog
C:\Projects\Ikemen-Plus-Ultra-CD2\src\lib\alpha\mesdialog\mesdialog\Debug\mt.command.1.tlog
C:\Projects\Ikemen-Plus-Ultra-CD2\src\lib\alpha\mesdialog\mesdialog\Debug\mt.read.1.tlog
C:\Projects\Ikemen-Plus-Ultra-CD2\src\lib\alpha\mesdialog\mesdialog\Debug\mt.write.1.tlog
C:\Projects\Ikemen-Plus-Ultra-CD2\src\lib\alpha\mesdialog\mesdialog\Debug\MYDLL.res
C:\Projects\Ikemen-Plus-Ultra-CD2\src\lib\alpha\mesdialog\mesdialog\Debug\rc.command.1.tlog
C:\Projects\Ikemen-Plus-Ultra-CD2\src\lib\alpha\mesdialog\mesdialog\Debug\rc.read.1.tlog
C:\Projects\Ikemen-Plus-Ultra-CD2\src\lib\alpha\mesdialog\mesdialog\Debug\rc.write.1.tlog
C:\Projects\Ikemen-Plus-Ultra-CD2\src\lib\alpha\mesdialog\mesdialog\Debug\vc100.idb
C:\Projects\Ikemen-Plus-Ultra-CD2\src\lib\alpha\mesdialog\mesdialog\Debug\vc100.pdb
C:\Projects\Ikemen-Plus-Ultra-CD2\src\lib\alpha\mesdialog\mesdialog\Debug\zutil.obj
C:\Projects\Ikemen-Plus-Ultra-CD2\src\ssize (executable)\Debug\mesdialog.dll
C:\Projects\Ikemen-Plus-Ultra-CD2\src\ssize (executable)\Debug\mesdialog.ilk
C:\Projects\Ikemen-Plus-Ultra-CD2\src\ssize (executable)\Debug\mesdialog.pdb
