C:\PROJECTS\IKEMEN-PLUS-ULTRA\SRC\LIB\DLL\TIME\TIME\DEBUG\TIME.DLL.INTERMEDIATE.MANIFEST
C:\PROJECTS\IKEMEN-PLUS-ULTRA\SRC\LIB\DLL\TIME\TIME\DEBUG\TIME.OBJ
C:\PROJECTS\IKEMEN-PLUS-ULTRA\SRC\LIB\DLL\TIME\TIME\DEBUG\VC100.PDB
C:\PROJECTS\IKEMEN-PLUS-ULTRA\SRC\SSIZE (EXECUTABLE)\DEBUG\TIME.DLL
C:\Projects\Ikemen-Plus-Ultra\src\ssize (executable)\Debug\time.exp
C:\PROJECTS\IKEMEN-PLUS-ULTRA\SRC\SSIZE (EXECUTABLE)\DEBUG\TIME.ILK
C:\Projects\Ikemen-Plus-Ultra\src\ssize (executable)\Debug\time.lib
C:\PROJECTS\IKEMEN-PLUS-ULTRA\SRC\SSIZE (EXECUTABLE)\DEBUG\TIME.PDB
C:\Projects\Ikemen-Plus-Ultra-CD2\src\lib\dll\time\time\Debug\cl.command.1.tlog
C:\Projects\Ikemen-Plus-Ultra-CD2\src\lib\dll\time\time\Debug\CL.read.1.tlog
C:\Projects\Ikemen-Plus-Ultra-CD2\src\lib\dll\time\time\Debug\CL.write.1.tlog
C:\Projects\Ikemen-Plus-Ultra-CD2\src\lib\dll\time\time\Debug\link.command.1.tlog
C:\Projects\Ikemen-Plus-Ultra-CD2\src\lib\dll\time\time\Debug\link.read.1.tlog
C:\Projects\Ikemen-Plus-Ultra-CD2\src\lib\dll\time\time\Debug\link.write.1.tlog
C:\Projects\Ikemen-Plus-Ultra-CD2\src\lib\dll\time\time\Debug\mt.command.1.tlog
C:\Projects\Ikemen-Plus-Ultra-CD2\src\lib\dll\time\time\Debug\mt.read.1.tlog
C:\Projects\Ikemen-Plus-Ultra-CD2\src\lib\dll\time\time\Debug\mt.write.1.tlog
C:\Projects\Ikemen-Plus-Ultra-CD2\src\lib\dll\time\time\Debug\time.dll.intermediate.manifest
C:\Projects\Ikemen-Plus-Ultra-CD2\src\lib\dll\time\time\Debug\time.obj
C:\Projects\Ikemen-Plus-Ultra-CD2\src\lib\dll\time\time\Debug\time.write.1.tlog
C:\Projects\Ikemen-Plus-Ultra-CD2\src\lib\dll\time\time\Debug\vc100.idb
C:\Projects\Ikemen-Plus-Ultra-CD2\src\lib\dll\time\time\Debug\vc100.pdb
C:\Projects\Ikemen-Plus-Ultra-CD2\src\ssize (executable)\Debug\time.dll
C:\Projects\Ikemen-Plus-Ultra-CD2\src\ssize (executable)\Debug\time.ilk
C:\Projects\Ikemen-Plus-Ultra-CD2\src\ssize (executable)\Debug\time.pdb
