C:\PROJECTS\IKEMEN-PLUS-ULTRA\SRC\LIB\DLL\THREAD\THREAD\DEBUG\THREAD.DLL.INTERMEDIATE.MANIFEST
C:\PROJECTS\IKEMEN-PLUS-ULTRA\SRC\LIB\DLL\THREAD\THREAD\DEBUG\THREAD.OBJ
C:\PROJECTS\IKEMEN-PLUS-ULTRA\SRC\LIB\DLL\THREAD\THREAD\DEBUG\VC100.PDB
C:\PROJECTS\IKEMEN-PLUS-ULTRA\SRC\SSIZE (EXECUTABLE)\DEBUG\THREAD.DLL
C:\Projects\Ikemen-Plus-Ultra\src\ssize (executable)\Debug\thread.exp
C:\PROJECTS\IKEMEN-PLUS-ULTRA\SRC\SSIZE (EXECUTABLE)\DEBUG\THREAD.ILK
C:\Projects\Ikemen-Plus-Ultra\src\ssize (executable)\Debug\thread.lib
C:\PROJECTS\IKEMEN-PLUS-ULTRA\SRC\SSIZE (EXECUTABLE)\DEBUG\THREAD.PDB
C:\Projects\Ikemen-Plus-Ultra-CD2\src\lib\dll\thread\thread\Debug\cl.command.1.tlog
C:\Projects\Ikemen-Plus-Ultra-CD2\src\lib\dll\thread\thread\Debug\CL.read.1.tlog
C:\Projects\Ikemen-Plus-Ultra-CD2\src\lib\dll\thread\thread\Debug\CL.write.1.tlog
C:\Projects\Ikemen-Plus-Ultra-CD2\src\lib\dll\thread\thread\Debug\link.command.1.tlog
C:\Projects\Ikemen-Plus-Ultra-CD2\src\lib\dll\thread\thread\Debug\link.read.1.tlog
C:\Projects\Ikemen-Plus-Ultra-CD2\src\lib\dll\thread\thread\Debug\link.write.1.tlog
C:\Projects\Ikemen-Plus-Ultra-CD2\src\lib\dll\thread\thread\Debug\mt.command.1.tlog
C:\Projects\Ikemen-Plus-Ultra-CD2\src\lib\dll\thread\thread\Debug\mt.read.1.tlog
C:\Projects\Ikemen-Plus-Ultra-CD2\src\lib\dll\thread\thread\Debug\mt.write.1.tlog
C:\Projects\Ikemen-Plus-Ultra-CD2\src\lib\dll\thread\thread\Debug\thread.dll.intermediate.manifest
C:\Projects\Ikemen-Plus-Ultra-CD2\src\lib\dll\thread\thread\Debug\thread.obj
C:\Projects\Ikemen-Plus-Ultra-CD2\src\lib\dll\thread\thread\Debug\thread.vcxprojResolveAssemblyReference.cache
C:\Projects\Ikemen-Plus-Ultra-CD2\src\lib\dll\thread\thread\Debug\thread.write.1.tlog
C:\Projects\Ikemen-Plus-Ultra-CD2\src\lib\dll\thread\thread\Debug\vc100.idb
C:\Projects\Ikemen-Plus-Ultra-CD2\src\lib\dll\thread\thread\Debug\vc100.pdb
C:\Projects\Ikemen-Plus-Ultra-CD2\src\ssize (executable)\Debug\thread.dll
C:\Projects\Ikemen-Plus-Ultra-CD2\src\ssize (executable)\Debug\thread.ilk
C:\Projects\Ikemen-Plus-Ultra-CD2\src\ssize (executable)\Debug\thread.pdb
